###############################################################################
#
# IAR ELF Linker V9.20.4.327/W64 for ARM                  05/May/2022  07:17:09
# Copyright 2007-2022 IAR Systems AB.
#
#    Output file  =
#        D:\Study\3rd mechatronics\2nd Term\embedded projects\IAR\lab4 round
#        2\Debug\Exe\ass2.out
#    Map file     =
#        D:\Study\3rd mechatronics\2nd Term\embedded projects\IAR\lab4 round
#        2\Debug\List\ass2.map
#    Command line =
#        -f "D:\Study\3rd mechatronics\2nd Term\embedded projects\IAR\lab4
#        round 2\Debug\Exe\ass2.out.rsp" ("D:\Study\3rd mechatronics\2nd
#        Term\embedded projects\IAR\lab4 round 2\Debug\Obj\DIO.o" "D:\Study\3rd
#        mechatronics\2nd Term\embedded projects\IAR\lab4 round
#        2\Debug\Obj\main.o" --no_out_extension -o "D:\Study\3rd
#        mechatronics\2nd Term\embedded projects\IAR\lab4 round
#        2\Debug\Exe\ass2.out" --redirect _Printf=_PrintfFullNoMb --redirect
#        _Scanf=_ScanfFullNoMb --map "D:\Study\3rd mechatronics\2nd
#        Term\embedded projects\IAR\lab4 round 2\Debug\List\ass2.map" --config
#        "C:\Program Files\IAR Systems\Embedded Workbench
#        9.0\arm\config\linker\TexasInstruments\TM4C123GH6.icf" --semihosting
#        C:\ti\TivaWare_C_Series-2.2.0.295\driverlib\ewarm\Exe\driverlib.a
#        --entry __iar_program_start --vfe --text_out locale)
#
###############################################################################

*******************************************************************************
*** RUNTIME MODEL ATTRIBUTES
***

CppFlavor       = *
__CPP_Runtime   = 1
__SystemLibrary = DLib
__dlib_version  = 6


*******************************************************************************
*** HEAP SELECTION
***

The basic heap was selected because some modules are built with
size limitations (and not runtime checking), and --advanced_heap
was not specified.


*******************************************************************************
*** PLACEMENT SUMMARY
***

"A0":  place at address 0x0 { ro section .intvec };
"P1":  place in [from 0x0 to 0x3'ffff] { ro };
define block CSTACK with size = 4K, alignment = 8 { };
define block HEAP with size = 8K, alignment = 8 { };
"P2":  place in [from 0x2000'0000 to 0x2000'7fff] {
          rw, block CSTACK, block HEAP };

No sections matched the following patterns:

  rw  in "P2"


  Section   Kind         Address    Size  Object
  -------   ----         -------    ----  ------
"A0":                               0x40
  .intvec   ro code          0x0    0x40  vector_table_M.o [5]
                          - 0x40    0x40

"P1":                              0x3f4
  .text     ro code         0x40   0x224  gpio.o [3]
  .text     ro code        0x264    0xf8  main.o [1]
  .text     ro code        0x35c    0x50  sysctl.o [3]
  .text     ro code        0x3ac    0x22  fpinit_M.o [4]
  .text     ro code        0x3ce     0x2  vectortrap_M.o [5]
  .text     ro code        0x3d0    0x1e  cmain.o [5]
  .text     ro code        0x3ee     0x4  low_level_init.o [2]
  .text     ro code        0x3f2     0x4  exit.o [2]
  .text     ro code        0x3f8     0xa  cexit.o [5]
  .text     ro code        0x404    0x14  exit.o [6]
  .text     ro code        0x418    0x1c  cstartup_M.o [5]
                         - 0x434   0x3f4

"P2":                             0x1000
  CSTACK             0x2000'0000  0x1000  <Block>
    CSTACK  uninit   0x2000'0000  0x1000  <Block tail>
                   - 0x2000'1000  0x1000

Unused ranges:

         From           To      Size
         ----           --      ----
        0x434     0x3'ffff  0x3'fbcc
  0x2000'1000  0x2000'7fff    0x7000



*******************************************************************************
*** MODULE SUMMARY
***

    Module            ro code  rw data
    ------            -------  -------
command line/config:
    ----------------------------------
    Total:

D:\Study\3rd mechatronics\2nd Term\embedded projects\IAR\lab4 round 2\Debug\Obj: [1]
    main.o                248
    ----------------------------------
    Total:                248

dl7M_tln.a: [2]
    exit.o                  4
    low_level_init.o        4
    ----------------------------------
    Total:                  8

driverlib.a: [3]
    gpio.o                548
    sysctl.o               80
    ----------------------------------
    Total:                628

m7M_tls.a: [4]
    fpinit_M.o             34
    ----------------------------------
    Total:                 34

rt7M_tl.a: [5]
    cexit.o                10
    cmain.o                30
    cstartup_M.o           28
    vector_table_M.o       64
    vectortrap_M.o          2
    ----------------------------------
    Total:                134

shb_l.a: [6]
    exit.o                 20
    ----------------------------------
    Total:                 20

    Gaps                    4
    Linker created               4'096
--------------------------------------
    Grand Total:        1'076    4'096


*******************************************************************************
*** ENTRY LIST
***

Entry                       Address   Size  Type      Object
-----                       -------   ----  ----      ------
?main                         0x3d1         Code  Gb  cmain.o [5]
BusFault_Handler              0x3cf         Code  Wk  vectortrap_M.o [5]
CSTACK$$Base            0x2000'0000          --   Gb  - Linker created -
CSTACK$$Limit           0x2000'1000          --   Gb  - Linker created -
DebugMon_Handler              0x3cf         Code  Wk  vectortrap_M.o [5]
GPIODirModeSet                 0x41   0x28  Code  Gb  gpio.o [3]
GPIOPadConfigSet               0x69  0x186  Code  Gb  gpio.o [3]
GPIOPinRead                   0x1ef    0x8  Code  Gb  gpio.o [3]
GPIOPinTypeGPIOInput          0x203   0x14  Code  Gb  gpio.o [3]
GPIOPinTypeGPIOOutput         0x217    0xa  Code  Gb  gpio.o [3]
GPIOPinWrite                  0x1f7    0x8  Code  Gb  gpio.o [3]
GPIOUnlockPin                 0x23b   0x16  Code  Gb  gpio.o [3]
HardFault_Handler             0x3cf         Code  Wk  vectortrap_M.o [5]
MemManage_Handler             0x3cf         Code  Wk  vectortrap_M.o [5]
NMI_Handler                   0x3cf         Code  Wk  vectortrap_M.o [5]
PendSV_Handler                0x3cf         Code  Wk  vectortrap_M.o [5]
Region$$Table$$Base             0x0          --   Gb  - Linker created -
Region$$Table$$Limit            0x0          --   Gb  - Linker created -
SVC_Handler                   0x3cf         Code  Wk  vectortrap_M.o [5]
SysCtlDelay                   0x39d    0x8  Code  Gb  sysctl.o [3]
SysCtlPeripheralEnable        0x37f    0x8  Code  Gb  sysctl.o [3]
SysCtlPeripheralReady         0x35d    0x8  Code  Gb  sysctl.o [3]
SysTick_Handler               0x3cf         Code  Wk  vectortrap_M.o [5]
UsageFault_Handler            0x3cf         Code  Wk  vectortrap_M.o [5]
__cmain                       0x3d1         Code  Gb  cmain.o [5]
__exit                        0x405   0x14  Code  Gb  exit.o [6]
__iar_init_vfp                0x3ad         Code  Gb  fpinit_M.o [4]
__iar_program_start           0x419         Code  Gb  cstartup_M.o [5]
__low_level_init              0x3ef    0x4  Code  Gb  low_level_init.o [2]
__vector_table                  0x0         Data  Gb  vector_table_M.o [5]
_call_main                    0x3dd         Code  Gb  cmain.o [5]
_exit                         0x3f9         Code  Gb  cexit.o [5]
exit                          0x3f3    0x4  Code  Gb  exit.o [2]
main                          0x265   0xf8  Code  Gb  main.o [1]


[1] = D:\Study\3rd mechatronics\2nd Term\embedded projects\IAR\lab4 round 2\Debug\Obj
[2] = dl7M_tln.a
[3] = driverlib.a
[4] = m7M_tls.a
[5] = rt7M_tl.a
[6] = shb_l.a

  1'076 bytes of readonly  code memory
  4'096 bytes of readwrite data memory

Errors: none
Warnings: none
